Warning: You are sending unauthenticated requests to the HF Hub. Please set a HF_TOKEN to enable higher rate limits and faster downloads.
WARNING 2026-07-09 13:41:32 ls/_http.py:951 Warning: You are sending unauthenticated requests to the HF Hub. Please set a HF_TOKEN to enable higher rate limits and faster downloads.
WARNING 2026-07-09 13:41:32 figs/eval.py:69 No job name provided, using 'libero_smolvla' as job name.
INFO 2026-07-09 13:41:32 bot_eval.py:727 {'env': {'camera_name': 'agentview_image,robot0_eye_in_hand_image',
         'camera_name_mapping': None,
         'control_mode': 'relative',
         'disable_env_checker': True,
         'episode_length': None,
         'features': {'action': {'shape': (7,),
                                 'type': <FeatureType.ACTION: 'ACTION'>},
                      'pixels/agentview_image': {'shape': (360, 360, 3),
                                                 'type': <FeatureType.VISUAL: 'VISUAL'>},
                      'pixels/robot0_eye_in_hand_image': {'shape': (360,
                                                                    360,
                                                                    3),
                                                          'type': <FeatureType.VISUAL: 'VISUAL'>},
                      'robot_state/eef/mat': {'shape': (3, 3),
                                              'type': <FeatureType.STATE: 'STATE'>},
                      'robot_state/eef/pos': {'shape': (3,),
                                              'type': <FeatureType.STATE: 'STATE'>},
                      'robot_state/eef/quat': {'shape': (4,),
                                               'type': <FeatureType.STATE: 'STATE'>},
                      'robot_state/gripper/qpos': {'shape': (2,),
                                                   'type': <FeatureType.STATE: 'STATE'>},
                      'robot_state/gripper/qvel': {'shape': (2,),
                                                   'type': <FeatureType.STATE: 'STATE'>},
                      'robot_state/joints/pos': {'shape': (7,),
                                                 'type': <FeatureType.STATE: 'STATE'>},
                      'robot_state/joints/vel': {'shape': (7,),
                                                 'type': <FeatureType.STATE: 'STATE'>}},
         'features_map': {'action': 'action',
                          'pixels/agentview_image': 'observation.images.image',
                          'pixels/robot0_eye_in_hand_image': 'observation.images.image2',
                          'robot_state/eef/mat': 'observation.state.eef_mat',
                          'robot_state/eef/pos': 'observation.state.eef_pos',
                          'robot_state/eef/quat': 'observation.state.eef_quat',
                          'robot_state/gripper/qpos': 'observation.state.gripper_qpos',
                          'robot_state/gripper/qvel': 'observation.state.gripper_qvel',
                          'robot_state/joints/pos': 'observation.state.joint_pos',
                          'robot_state/joints/vel': 'observation.state.joint_vel'},
         'fps': 30,
         'init_states': True,
         'is_libero_plus': False,
         'max_parallel_tasks': 1,
         'obs_type': 'pixels_agent_pos',
         'observation_height': 360,
         'observation_width': 360,
         'render_mode': 'rgb_array',
         'task': 'libero_goal',
         'task_ids': [7]},
 'eval': {'batch_size': 1,
          'n_episodes': 2,
          'recording': False,
          'recording_private': False,
          'recording_repo_id': None,
          'use_async_envs': True},
 'job_name': 'libero_smolvla',
 'output_dir': PosixPath('/scratch/pandya.kei/vla_smoke/fresh_gt'),
 'policy': {'adapt_to_pi_aloha': False,
            'add_image_special_tokens': False,
            'attention_mode': 'cross_attn',
            'chunk_size': 50,
            'compile_mode': 'max-autotune',
            'compile_model': False,
            'device': 'cuda',
            'empty_cameras': 0,
            'expert_width_multiplier': 0.5,
            'freeze_vision_encoder': True,
            'input_features': {'observation.images.image': {'shape': (3,
                                                                      256,
                                                                      256),
                                                            'type': <FeatureType.VISUAL: 'VISUAL'>},
                               'observation.images.image2': {'shape': (3,
                                                                       256,
                                                                       256),
                                                             'type': <FeatureType.VISUAL: 'VISUAL'>},
                               'observation.state': {'shape': (8,),
                                                     'type': <FeatureType.STATE: 'STATE'>}},
            'license': None,
            'load_vlm_weights': True,
            'max_action_dim': 32,
            'max_period': 4.0,
            'max_state_dim': 32,
            'min_period': 0.004,
            'n_action_steps': 1,
            'n_obs_steps': 1,
            'normalization_mapping': {'ACTION': <NormalizationMode.MEAN_STD: 'MEAN_STD'>,
                                      'STATE': <NormalizationMode.MEAN_STD: 'MEAN_STD'>,
                                      'VISUAL': <NormalizationMode.IDENTITY: 'IDENTITY'>},
            'num_expert_layers': -1,
            'num_steps': 10,
            'num_vlm_layers': 0,
            'optimizer_betas': (0.9, 0.95),
            'optimizer_eps': 1e-08,
            'optimizer_grad_clip_norm': 10.0,
            'optimizer_lr': 0.0001,
            'optimizer_weight_decay': 1e-10,
            'output_features': {'action': {'shape': (7,),
                                           'type': <FeatureType.ACTION: 'ACTION'>}},
            'pad_language_to': 'longest',
            'prefix_length': 0,
            'pretrained_path': PosixPath('HuggingFaceVLA/smolvla_libero'),
            'pretrained_revision': None,
            'private': None,
            'push_to_hub': True,
            'repo_id': 'None',
            'resize_imgs_with_padding': (512, 512),
            'rtc_config': None,
            'scheduler_decay_lr': 2.5e-06,
            'scheduler_decay_steps': 30000,
            'scheduler_warmup_steps': 1000,
            'self_attn_every_n_layers': 2,
            'tags': None,
            'tokenizer_max_length': 48,
            'train_expert_only': True,
            'train_state_proj': True,
            'use_amp': False,
            'use_cache': True,
            'use_delta_joint_actions_aloha': False,
            'use_peft': False,
            'vlm_model_name': 'HuggingFaceTB/SmolVLM2-500M-Instruct'},
 'rename_map': {},
 'seed': 7,
 'trust_remote_code': False}
INFO 2026-07-09 13:41:32 bot_eval.py:736 Output dir: /scratch/pandya.kei/vla_smoke/fresh_gt
INFO 2026-07-09 13:41:32 bot_eval.py:738 Making environment (batch_size=1, async=True).
[robosuite WARNING] No private macro file found! (__init__.py:7)
WARNING 2026-07-09 13:41:33 e/__init__.py:7 No private macro file found!
[robosuite WARNING] It is recommended to use a private macro file (__init__.py:8)
WARNING 2026-07-09 13:41:33 e/__init__.py:8 It is recommended to use a private macro file
[robosuite WARNING] To setup, run: python /home/pandya.kei/.conda/envs/vla-smolvla/lib/python3.12/site-packages/robosuite/scripts/setup_macros.py (__init__.py:9)
WARNING 2026-07-09 13:41:33 e/__init__.py:9 To setup, run: python /home/pandya.kei/.conda/envs/vla-smolvla/lib/python3.12/site-packages/robosuite/scripts/setup_macros.py
INFO 2026-07-09 13:41:33 tesupport.py:24 No OpenGL_accelerate module loaded: No module named 'OpenGL_accelerate'
INFO 2026-07-09 13:41:34 bot_eval.py:746 Making policy.
`torch_dtype` is deprecated! Use `dtype` instead!
Creating LIBERO envs | suites=['libero_goal'] | n_envs(per task)=1 | init_states=True
Restricting to task_ids=[7]
[info] using task orders [0, 1, 2, 3, 4, 5, 6, 7, 8, 9]
Built vec env | suite=libero_goal | task_id=7 | n_envs=1
Loading  HuggingFaceTB/SmolVLM2-500M-Instruct weights ...
Loading weights:   0%|          | 0/489 [00:00<?, ?it/s]Loading weights: 100%|██████████| 489/489 [00:00<00:00, 5005.29it/s]
INFO 2026-07-09 13:42:32 bot_eval.py:808 End of eval
Local assets not found. Downloading from HuggingFace Hub...
Assets already downloaded at /home/pandya.kei/.cache/libero/assets
Overall Aggregated Metrics:
{'avg_sum_reward': 1.0, 'avg_max_reward': 1.0, 'pc_success': 100.0, 'n_episodes': 2, 'eval_s': 49.6630482673645, 'eval_ep_s': 24.83152449131012, 'video_paths': ['/scratch/pandya.kei/vla_smoke/fresh_gt/videos/libero_goal_7/eval_episode_0.mp4', '/scratch/pandya.kei/vla_smoke/fresh_gt/videos/libero_goal_7/eval_episode_1.mp4'], 'predicted_video_paths': []}

Aggregated Metrics for per_task:
[{'task_group': 'libero_goal', 'task_id': 7, 'metrics': {'sum_rewards': [1.0, 1.0], 'max_rewards': [1.0, 1.0], 'successes': [True, True], 'video_paths': ['/scratch/pandya.kei/vla_smoke/fresh_gt/videos/libero_goal_7/eval_episode_0.mp4', '/scratch/pandya.kei/vla_smoke/fresh_gt/videos/libero_goal_7/eval_episode_1.mp4'], 'predicted_video_paths': []}}]

Aggregated Metrics for per_group:
{'libero_goal': {'avg_sum_reward': 1.0, 'avg_max_reward': 1.0, 'pc_success': 100.0, 'n_episodes': 2, 'video_paths': ['/scratch/pandya.kei/vla_smoke/fresh_gt/videos/libero_goal_7/eval_episode_0.mp4', '/scratch/pandya.kei/vla_smoke/fresh_gt/videos/libero_goal_7/eval_episode_1.mp4'], 'predicted_video_paths': []}}

Aggregated Metrics for overall:
{'avg_sum_reward': 1.0, 'avg_max_reward': 1.0, 'pc_success': 100.0, 'n_episodes': 2, 'eval_s': 49.6630482673645, 'eval_ep_s': 24.83152449131012, 'video_paths': ['/scratch/pandya.kei/vla_smoke/fresh_gt/videos/libero_goal_7/eval_episode_0.mp4', '/scratch/pandya.kei/vla_smoke/fresh_gt/videos/libero_goal_7/eval_episode_1.mp4'], 'predicted_video_paths': []}
