Obtaining file:///home/pandya.kei/CS6120/openvla
  Installing build dependencies: started
  Installing build dependencies: finished with status 'done'
  Checking if build backend supports build_editable: started
  Checking if build backend supports build_editable: finished with status 'done'
  Getting requirements to build editable: started
  Getting requirements to build editable: finished with status 'done'
  Preparing editable metadata (pyproject.toml): started
  Preparing editable metadata (pyproject.toml): finished with status 'done'
Collecting numpy<2
  Downloading numpy-1.26.4-cp310-cp310-manylinux_2_17_x86_64.manylinux2014_x86_64.whl.metadata (61 kB)
Collecting accelerate>=0.25.0 (from openvla==0.0.3)
  Downloading accelerate-1.14.0-py3-none-any.whl.metadata (19 kB)
Collecting draccus==0.8.0 (from openvla==0.0.3)
  Downloading draccus-0.8.0-py3-none-any.whl.metadata (23 kB)
Collecting einops (from openvla==0.0.3)
  Downloading einops-0.8.2-py3-none-any.whl.metadata (13 kB)
Collecting huggingface_hub (from openvla==0.0.3)
  Downloading huggingface_hub-1.23.0-py3-none-any.whl.metadata (14 kB)
Collecting json-numpy (from openvla==0.0.3)
  Downloading json_numpy-2.1.1-py3-none-any.whl.metadata (5.6 kB)
Collecting jsonlines (from openvla==0.0.3)
  Using cached jsonlines-4.0.0-py3-none-any.whl.metadata (1.6 kB)
Collecting matplotlib (from openvla==0.0.3)
  Using cached matplotlib-3.10.9-cp310-cp310-manylinux2014_x86_64.manylinux_2_17_x86_64.whl.metadata (52 kB)
Collecting peft==0.11.1 (from openvla==0.0.3)
  Downloading peft-0.11.1-py3-none-any.whl.metadata (13 kB)
Collecting protobuf (from openvla==0.0.3)
  Using cached protobuf-7.35.1-cp310-abi3-manylinux2014_x86_64.whl.metadata (595 bytes)
Collecting rich (from openvla==0.0.3)
  Using cached rich-15.0.0-py3-none-any.whl.metadata (18 kB)
Collecting sentencepiece==0.1.99 (from openvla==0.0.3)
  Downloading sentencepiece-0.1.99-cp310-cp310-manylinux_2_17_x86_64.manylinux2014_x86_64.whl.metadata (7.7 kB)
Collecting timm==0.9.10 (from openvla==0.0.3)
  Downloading timm-0.9.10-py3-none-any.whl.metadata (59 kB)
Collecting tokenizers==0.19.1 (from openvla==0.0.3)
  Downloading tokenizers-0.19.1-cp310-cp310-manylinux_2_17_x86_64.manylinux2014_x86_64.whl.metadata (6.7 kB)
Requirement already satisfied: torch==2.2.0 in /home/pandya.kei/.conda/envs/vla-openvla/lib/python3.10/site-packages (from openvla==0.0.3) (2.2.0+cu121)
Requirement already satisfied: torchvision==0.17.0 in /home/pandya.kei/.conda/envs/vla-openvla/lib/python3.10/site-packages (from openvla==0.0.3) (0.17.0+cu121)
Collecting torchaudio==2.2.0 (from openvla==0.0.3)
  Downloading torchaudio-2.2.0-cp310-cp310-manylinux1_x86_64.whl.metadata (6.4 kB)
Collecting transformers==4.40.1 (from openvla==0.0.3)
  Downloading transformers-4.40.1-py3-none-any.whl.metadata (137 kB)
Collecting wandb (from openvla==0.0.3)
  Using cached wandb-0.28.0-py3-none-manylinux_2_28_x86_64.whl.metadata (11 kB)
Collecting tensorflow==2.15.0 (from openvla==0.0.3)
  Downloading tensorflow-2.15.0-cp310-cp310-manylinux_2_17_x86_64.manylinux2014_x86_64.whl.metadata (4.4 kB)
Collecting tensorflow_datasets==4.9.3 (from openvla==0.0.3)
  Downloading tensorflow_datasets-4.9.3-py3-none-any.whl.metadata (9.3 kB)
Collecting tensorflow_graphics==2021.12.3 (from openvla==0.0.3)
  Downloading tensorflow_graphics-2021.12.3-py3-none-any.whl.metadata (1.2 kB)
Collecting dlimp @ git+https://github.com/moojink/dlimp_openvla (from openvla==0.0.3)
  Cloning https://github.com/moojink/dlimp_openvla to /tmp/pip-install-ekokvha9/dlimp_8fc017b953f44e128a96bbe1e93dadf0
  Running command git clone --filter=blob:none --quiet https://github.com/moojink/dlimp_openvla /tmp/pip-install-ekokvha9/dlimp_8fc017b953f44e128a96bbe1e93dadf0
  Resolved https://github.com/moojink/dlimp_openvla to commit 040105d256bd28866cc6620621a3d5f7b6b91b46
  Installing build dependencies: started
  Installing build dependencies: finished with status 'done'
  Getting requirements to build wheel: started
  Getting requirements to build wheel: finished with status 'done'
  Preparing metadata (pyproject.toml): started
  Preparing metadata (pyproject.toml): finished with status 'done'
Collecting mergedeep~=1.3 (from draccus==0.8.0->openvla==0.0.3)
  Using cached mergedeep-1.3.4-py3-none-any.whl.metadata (4.3 kB)
Collecting pyyaml~=6.0 (from draccus==0.8.0->openvla==0.0.3)
  Downloading pyyaml-6.0.3-cp310-cp310-manylinux2014_x86_64.manylinux_2_17_x86_64.manylinux_2_28_x86_64.whl.metadata (2.4 kB)
Collecting pyyaml-include~=1.4 (from draccus==0.8.0->openvla==0.0.3)
  Using cached pyyaml_include-1.4.1-py3-none-any.whl.metadata (1.3 kB)
Collecting toml~=0.10 (from draccus==0.8.0->openvla==0.0.3)
  Using cached toml-0.10.2-py2.py3-none-any.whl.metadata (7.1 kB)
Collecting typing-inspect~=0.9.0 (from draccus==0.8.0->openvla==0.0.3)
  Using cached typing_inspect-0.9.0-py3-none-any.whl.metadata (1.5 kB)
Requirement already satisfied: packaging>=20.0 in /home/pandya.kei/.conda/envs/vla-openvla/lib/python3.10/site-packages (from peft==0.11.1->openvla==0.0.3) (26.0)
Collecting psutil (from peft==0.11.1->openvla==0.0.3)
  Using cached psutil-7.2.2-cp36-abi3-manylinux2010_x86_64.manylinux_2_12_x86_64.manylinux_2_28_x86_64.whl.metadata (22 kB)
Collecting tqdm (from peft==0.11.1->openvla==0.0.3)
  Using cached tqdm-4.68.4-py3-none-any.whl.metadata (57 kB)
Collecting safetensors (from peft==0.11.1->openvla==0.0.3)
  Using cached safetensors-0.8.0-cp310-abi3-manylinux_2_17_x86_64.manylinux2014_x86_64.whl.metadata (4.2 kB)
Collecting absl-py>=1.0.0 (from tensorflow==2.15.0->openvla==0.0.3)
  Downloading absl_py-2.5.0-py3-none-any.whl.metadata (3.3 kB)
Collecting astunparse>=1.6.0 (from tensorflow==2.15.0->openvla==0.0.3)
  Downloading astunparse-1.6.3-py2.py3-none-any.whl.metadata (4.4 kB)
Collecting flatbuffers>=23.5.26 (from tensorflow==2.15.0->openvla==0.0.3)
  Downloading flatbuffers-25.12.19-py2.py3-none-any.whl.metadata (1.0 kB)
Collecting gast!=0.5.0,!=0.5.1,!=0.5.2,>=0.2.1 (from tensorflow==2.15.0->openvla==0.0.3)
  Downloading gast-0.7.0-py3-none-any.whl.metadata (1.5 kB)
Collecting google-pasta>=0.1.1 (from tensorflow==2.15.0->openvla==0.0.3)
  Downloading google_pasta-0.2.0-py3-none-any.whl.metadata (814 bytes)
Collecting h5py>=2.9.0 (from tensorflow==2.15.0->openvla==0.0.3)
  Downloading h5py-3.16.0-cp310-cp310-manylinux_2_28_x86_64.whl.metadata (3.0 kB)
Collecting libclang>=13.0.0 (from tensorflow==2.15.0->openvla==0.0.3)
  Downloading libclang-18.1.1-py2.py3-none-manylinux2010_x86_64.whl.metadata (5.2 kB)
Collecting ml-dtypes~=0.2.0 (from tensorflow==2.15.0->openvla==0.0.3)
  Downloading ml_dtypes-0.2.0-cp310-cp310-manylinux_2_17_x86_64.manylinux2014_x86_64.whl.metadata (20 kB)
Collecting opt-einsum>=2.3.2 (from tensorflow==2.15.0->openvla==0.0.3)
  Downloading opt_einsum-3.4.0-py3-none-any.whl.metadata (6.3 kB)
Collecting protobuf (from openvla==0.0.3)
  Downloading protobuf-4.25.9-cp37-abi3-manylinux2014_x86_64.whl.metadata (541 bytes)
Requirement already satisfied: setuptools in /home/pandya.kei/.conda/envs/vla-openvla/lib/python3.10/site-packages (from tensorflow==2.15.0->openvla==0.0.3) (82.0.1)
Collecting six>=1.12.0 (from tensorflow==2.15.0->openvla==0.0.3)
  Using cached six-1.17.0-py2.py3-none-any.whl.metadata (1.7 kB)
Collecting termcolor>=1.1.0 (from tensorflow==2.15.0->openvla==0.0.3)
  Using cached termcolor-3.3.0-py3-none-any.whl.metadata (6.5 kB)
Requirement already satisfied: typing-extensions>=3.6.6 in /home/pandya.kei/.conda/envs/vla-openvla/lib/python3.10/site-packages (from tensorflow==2.15.0->openvla==0.0.3) (4.15.0)
Collecting wrapt<1.15,>=1.11.0 (from tensorflow==2.15.0->openvla==0.0.3)
  Downloading wrapt-1.14.2-cp310-cp310-manylinux1_x86_64.manylinux_2_28_x86_64.manylinux_2_5_x86_64.whl.metadata (6.5 kB)
Collecting tensorflow-io-gcs-filesystem>=0.23.1 (from tensorflow==2.15.0->openvla==0.0.3)
  Downloading tensorflow_io_gcs_filesystem-0.37.1-cp310-cp310-manylinux_2_17_x86_64.manylinux2014_x86_64.whl.metadata (14 kB)
Collecting grpcio<2.0,>=1.24.3 (from tensorflow==2.15.0->openvla==0.0.3)
  Downloading grpcio-1.82.1-cp310-cp310-manylinux2014_x86_64.manylinux_2_17_x86_64.whl.metadata (3.7 kB)
Collecting tensorboard<2.16,>=2.15 (from tensorflow==2.15.0->openvla==0.0.3)
  Downloading tensorboard-2.15.2-py3-none-any.whl.metadata (1.7 kB)
Collecting tensorflow-estimator<2.16,>=2.15.0 (from tensorflow==2.15.0->openvla==0.0.3)
  Downloading tensorflow_estimator-2.15.0-py2.py3-none-any.whl.metadata (1.3 kB)
Collecting keras<2.16,>=2.15.0 (from tensorflow==2.15.0->openvla==0.0.3)
  Downloading keras-2.15.0-py3-none-any.whl.metadata (2.4 kB)
Collecting array-record (from tensorflow_datasets==4.9.3->openvla==0.0.3)
  Downloading array_record-0.8.1-cp310-cp310-manylinux2014_x86_64.manylinux_2_17_x86_64.whl.metadata (1.1 kB)
Collecting click (from tensorflow_datasets==4.9.3->openvla==0.0.3)
  Using cached click-8.4.2-py3-none-any.whl.metadata (2.6 kB)
Collecting dm-tree (from tensorflow_datasets==4.9.3->openvla==0.0.3)
  Downloading dm_tree-0.1.10-cp310-cp310-manylinux_2_24_x86_64.manylinux_2_28_x86_64.whl.metadata (2.6 kB)
Collecting etils>=0.9.0 (from etils[enp,epath,etree]>=0.9.0->tensorflow_datasets==4.9.3->openvla==0.0.3)
  Downloading etils-1.13.0-py3-none-any.whl.metadata (6.5 kB)
Collecting promise (from tensorflow_datasets==4.9.3->openvla==0.0.3)
  Downloading promise-2.3.tar.gz (19 kB)
  Installing build dependencies: started
  Installing build dependencies: finished with status 'done'
  Getting requirements to build wheel: started
  Getting requirements to build wheel: finished with status 'done'
  Preparing metadata (pyproject.toml): started
  Preparing metadata (pyproject.toml): finished with status 'done'
Requirement already satisfied: requests>=2.19.0 in /home/pandya.kei/.conda/envs/vla-openvla/lib/python3.10/site-packages (from tensorflow_datasets==4.9.3->openvla==0.0.3) (2.28.1)
Collecting tensorflow-metadata (from tensorflow_datasets==4.9.3->openvla==0.0.3)
  Downloading tensorflow_metadata-1.21.0-py3-none-any.whl.metadata (2.5 kB)
Collecting tensorflow-addons>=0.10.0 (from tensorflow_graphics==2021.12.3->openvla==0.0.3)
  Downloading tensorflow_addons-0.23.0-cp310-cp310-manylinux_2_17_x86_64.manylinux2014_x86_64.whl.metadata (1.8 kB)
Collecting scipy>=1.1.0 (from tensorflow_graphics==2021.12.3->openvla==0.0.3)
  Using cached scipy-1.15.3-cp310-cp310-manylinux_2_17_x86_64.manylinux2014_x86_64.whl.metadata (61 kB)
Collecting OpenEXR>=1.3.2 (from tensorflow_graphics==2021.12.3->openvla==0.0.3)
  Downloading openexr-3.4.13-cp310-cp310-manylinux2014_x86_64.manylinux_2_17_x86_64.whl.metadata (10 kB)
Collecting trimesh>=2.37.22 (from tensorflow_graphics==2021.12.3->openvla==0.0.3)
  Downloading trimesh-4.12.2-py3-none-any.whl.metadata (13 kB)
Requirement already satisfied: networkx in /home/pandya.kei/.conda/envs/vla-openvla/lib/python3.10/site-packages (from tensorflow_graphics==2021.12.3->openvla==0.0.3) (3.4.2)
Collecting huggingface_hub (from openvla==0.0.3)
  Downloading huggingface_hub-0.36.2-py3-none-any.whl.metadata (15 kB)
Requirement already satisfied: filelock in /home/pandya.kei/.conda/envs/vla-openvla/lib/python3.10/site-packages (from torch==2.2.0->openvla==0.0.3) (3.29.0)
Requirement already satisfied: sympy in /home/pandya.kei/.conda/envs/vla-openvla/lib/python3.10/site-packages (from torch==2.2.0->openvla==0.0.3) (1.14.0)
Requirement already satisfied: jinja2 in /home/pandya.kei/.conda/envs/vla-openvla/lib/python3.10/site-packages (from torch==2.2.0->openvla==0.0.3) (3.1.6)
Requirement already satisfied: fsspec in /home/pandya.kei/.conda/envs/vla-openvla/lib/python3.10/site-packages (from torch==2.2.0->openvla==0.0.3) (2026.4.0)
Requirement already satisfied: nvidia-cuda-nvrtc-cu12==12.1.105 in /home/pandya.kei/.conda/envs/vla-openvla/lib/python3.10/site-packages (from torch==2.2.0->openvla==0.0.3) (12.1.105)
Requirement already satisfied: nvidia-cuda-runtime-cu12==12.1.105 in /home/pandya.kei/.conda/envs/vla-openvla/lib/python3.10/site-packages (from torch==2.2.0->openvla==0.0.3) (12.1.105)
Requirement already satisfied: nvidia-cuda-cupti-cu12==12.1.105 in /home/pandya.kei/.conda/envs/vla-openvla/lib/python3.10/site-packages (from torch==2.2.0->openvla==0.0.3) (12.1.105)
Requirement already satisfied: nvidia-cudnn-cu12==8.9.2.26 in /home/pandya.kei/.conda/envs/vla-openvla/lib/python3.10/site-packages (from torch==2.2.0->openvla==0.0.3) (8.9.2.26)
Requirement already satisfied: nvidia-cublas-cu12==12.1.3.1 in /home/pandya.kei/.conda/envs/vla-openvla/lib/python3.10/site-packages (from torch==2.2.0->openvla==0.0.3) (12.1.3.1)
Requirement already satisfied: nvidia-cufft-cu12==11.0.2.54 in /home/pandya.kei/.conda/envs/vla-openvla/lib/python3.10/site-packages (from torch==2.2.0->openvla==0.0.3) (11.0.2.54)
Requirement already satisfied: nvidia-curand-cu12==10.3.2.106 in /home/pandya.kei/.conda/envs/vla-openvla/lib/python3.10/site-packages (from torch==2.2.0->openvla==0.0.3) (10.3.2.106)
Requirement already satisfied: nvidia-cusolver-cu12==11.4.5.107 in /home/pandya.kei/.conda/envs/vla-openvla/lib/python3.10/site-packages (from torch==2.2.0->openvla==0.0.3) (11.4.5.107)
Requirement already satisfied: nvidia-cusparse-cu12==12.1.0.106 in /home/pandya.kei/.conda/envs/vla-openvla/lib/python3.10/site-packages (from torch==2.2.0->openvla==0.0.3) (12.1.0.106)
Requirement already satisfied: nvidia-nccl-cu12==2.19.3 in /home/pandya.kei/.conda/envs/vla-openvla/lib/python3.10/site-packages (from torch==2.2.0->openvla==0.0.3) (2.19.3)
Requirement already satisfied: nvidia-nvtx-cu12==12.1.105 in /home/pandya.kei/.conda/envs/vla-openvla/lib/python3.10/site-packages (from torch==2.2.0->openvla==0.0.3) (12.1.105)
Requirement already satisfied: triton==2.2.0 in /home/pandya.kei/.conda/envs/vla-openvla/lib/python3.10/site-packages (from torch==2.2.0->openvla==0.0.3) (2.2.0)
Requirement already satisfied: nvidia-nvjitlink-cu12 in /home/pandya.kei/.conda/envs/vla-openvla/lib/python3.10/site-packages (from nvidia-cusolver-cu12==11.4.5.107->torch==2.2.0->openvla==0.0.3) (12.9.86)
Requirement already satisfied: pillow!=8.3.*,>=5.3.0 in /home/pandya.kei/.conda/envs/vla-openvla/lib/python3.10/site-packages (from torchvision==0.17.0->openvla==0.0.3) (12.2.0)
Collecting regex!=2019.12.17 (from transformers==4.40.1->openvla==0.0.3)
  Downloading regex-2026.6.28-cp310-cp310-manylinux2014_x86_64.manylinux_2_17_x86_64.manylinux_2_28_x86_64.whl.metadata (40 kB)
Collecting hf-xet<2.0.0,>=1.1.3 (from huggingface_hub->openvla==0.0.3)
  Using cached hf_xet-1.5.1-cp37-abi3-manylinux2014_x86_64.manylinux_2_17_x86_64.whl.metadata (4.9 kB)
Collecting google-auth<3,>=1.6.3 (from tensorboard<2.16,>=2.15->tensorflow==2.15.0->openvla==0.0.3)
  Downloading google_auth-2.55.2-py3-none-any.whl.metadata (5.2 kB)
Collecting google-auth-oauthlib<2,>=0.5 (from tensorboard<2.16,>=2.15->tensorflow==2.15.0->openvla==0.0.3)
  Downloading google_auth_oauthlib-1.4.0-py3-none-any.whl.metadata (2.6 kB)
Collecting markdown>=2.6.8 (from tensorboard<2.16,>=2.15->tensorflow==2.15.0->openvla==0.0.3)
  Using cached markdown-3.10.2-py3-none-any.whl.metadata (5.1 kB)
Collecting tensorboard-data-server<0.8.0,>=0.7.0 (from tensorboard<2.16,>=2.15->tensorflow==2.15.0->openvla==0.0.3)
  Using cached tensorboard_data_server-0.7.2-py3-none-manylinux_2_31_x86_64.whl.metadata (1.1 kB)
Collecting werkzeug>=1.0.1 (from tensorboard<2.16,>=2.15->tensorflow==2.15.0->openvla==0.0.3)
  Using cached werkzeug-3.1.8-py3-none-any.whl.metadata (4.0 kB)
Collecting pyasn1-modules>=0.2.1 (from google-auth<3,>=1.6.3->tensorboard<2.16,>=2.15->tensorflow==2.15.0->openvla==0.0.3)
  Downloading pyasn1_modules-0.4.2-py3-none-any.whl.metadata (3.5 kB)
Collecting cryptography>=38.0.3 (from google-auth<3,>=1.6.3->tensorboard<2.16,>=2.15->tensorflow==2.15.0->openvla==0.0.3)
  Downloading cryptography-49.0.0-cp39-abi3-manylinux_2_34_x86_64.whl.metadata (4.3 kB)
Collecting requests-oauthlib>=0.7.0 (from google-auth-oauthlib<2,>=0.5->tensorboard<2.16,>=2.15->tensorflow==2.15.0->openvla==0.0.3)
  Downloading requests_oauthlib-2.0.0-py2.py3-none-any.whl.metadata (11 kB)
Requirement already satisfied: charset-normalizer<3,>=2 in /home/pandya.kei/.conda/envs/vla-openvla/lib/python3.10/site-packages (from requests>=2.19.0->tensorflow_datasets==4.9.3->openvla==0.0.3) (2.1.1)
Requirement already satisfied: idna<4,>=2.5 in /home/pandya.kei/.conda/envs/vla-openvla/lib/python3.10/site-packages (from requests>=2.19.0->tensorflow_datasets==4.9.3->openvla==0.0.3) (3.4)
Requirement already satisfied: urllib3<1.27,>=1.21.1 in /home/pandya.kei/.conda/envs/vla-openvla/lib/python3.10/site-packages (from requests>=2.19.0->tensorflow_datasets==4.9.3->openvla==0.0.3) (1.26.13)
Requirement already satisfied: certifi>=2017.4.17 in /home/pandya.kei/.conda/envs/vla-openvla/lib/python3.10/site-packages (from requests>=2.19.0->tensorflow_datasets==4.9.3->openvla==0.0.3) (2022.12.7)
Collecting mypy-extensions>=0.3.0 (from typing-inspect~=0.9.0->draccus==0.8.0->openvla==0.0.3)
  Using cached mypy_extensions-1.1.0-py3-none-any.whl.metadata (1.1 kB)
Requirement already satisfied: wheel<1.0,>=0.23.0 in /home/pandya.kei/.conda/envs/vla-openvla/lib/python3.10/site-packages (from astunparse>=1.6.0->tensorflow==2.15.0->openvla==0.0.3) (0.47.0)
Collecting cffi>=2.0.0 (from cryptography>=38.0.3->google-auth<3,>=1.6.3->tensorboard<2.16,>=2.15->tensorflow==2.15.0->openvla==0.0.3)
  Downloading cffi-2.1.0-cp310-cp310-manylinux2014_x86_64.manylinux_2_17_x86_64.whl.metadata (2.5 kB)
Collecting pycparser (from cffi>=2.0.0->cryptography>=38.0.3->google-auth<3,>=1.6.3->tensorboard<2.16,>=2.15->tensorflow==2.15.0->openvla==0.0.3)
  Downloading pycparser-3.0-py3-none-any.whl.metadata (8.2 kB)
Collecting importlib_resources (from etils[enp,epath,etree]>=0.9.0->tensorflow_datasets==4.9.3->openvla==0.0.3)
  Downloading importlib_resources-7.1.0-py3-none-any.whl.metadata (4.0 kB)
Collecting zipp (from etils[enp,epath,etree]>=0.9.0->tensorflow_datasets==4.9.3->openvla==0.0.3)
  Using cached zipp-4.1.0-py3-none-any.whl.metadata (3.6 kB)
Collecting contourpy>=1.0.1 (from matplotlib->openvla==0.0.3)
  Using cached contourpy-1.3.2-cp310-cp310-manylinux_2_17_x86_64.manylinux2014_x86_64.whl.metadata (5.5 kB)
Collecting cycler>=0.10 (from matplotlib->openvla==0.0.3)
  Using cached cycler-0.12.1-py3-none-any.whl.metadata (3.8 kB)
Collecting fonttools>=4.22.0 (from matplotlib->openvla==0.0.3)
  Using cached fonttools-4.63.0-cp310-cp310-manylinux2014_x86_64.manylinux_2_17_x86_64.whl.metadata (118 kB)
Collecting kiwisolver>=1.3.1 (from matplotlib->openvla==0.0.3)
  Using cached kiwisolver-1.5.0-cp310-cp310-manylinux_2_12_x86_64.manylinux2010_x86_64.whl.metadata (5.1 kB)
Collecting pyparsing>=3 (from matplotlib->openvla==0.0.3)
  Using cached pyparsing-3.3.2-py3-none-any.whl.metadata (5.8 kB)
Collecting python-dateutil>=2.7 (from matplotlib->openvla==0.0.3)
  Using cached python_dateutil-2.9.0.post0-py2.py3-none-any.whl.metadata (8.4 kB)
Collecting pyasn1<0.7.0,>=0.6.1 (from pyasn1-modules>=0.2.1->google-auth<3,>=1.6.3->tensorboard<2.16,>=2.15->tensorflow==2.15.0->openvla==0.0.3)
  Downloading pyasn1-0.6.4-py3-none-any.whl.metadata (8.4 kB)
Collecting oauthlib>=3.0.0 (from requests-oauthlib>=0.7.0->google-auth-oauthlib<2,>=0.5->tensorboard<2.16,>=2.15->tensorflow==2.15.0->openvla==0.0.3)
  Downloading oauthlib-3.3.1-py3-none-any.whl.metadata (7.9 kB)
Collecting typeguard<3.0.0,>=2.7 (from tensorflow-addons>=0.10.0->tensorflow_graphics==2021.12.3->openvla==0.0.3)
  Downloading typeguard-2.13.3-py3-none-any.whl.metadata (3.6 kB)
Requirement already satisfied: markupsafe>=2.1.1 in /home/pandya.kei/.conda/envs/vla-openvla/lib/python3.10/site-packages (from werkzeug>=1.0.1->tensorboard<2.16,>=2.15->tensorflow==2.15.0->openvla==0.0.3) (3.0.3)
Collecting attrs>=18.2.0 (from dm-tree->tensorflow_datasets==4.9.3->openvla==0.0.3)
  Using cached attrs-26.1.0-py3-none-any.whl.metadata (8.8 kB)
Collecting markdown-it-py>=2.2.0 (from rich->openvla==0.0.3)
  Using cached markdown_it_py-4.2.0-py3-none-any.whl.metadata (7.4 kB)
Collecting pygments<3.0.0,>=2.13.0 (from rich->openvla==0.0.3)
  Using cached pygments-2.20.0-py3-none-any.whl.metadata (2.5 kB)
Collecting mdurl~=0.1 (from markdown-it-py>=2.2.0->rich->openvla==0.0.3)
  Using cached mdurl-0.1.2-py3-none-any.whl.metadata (1.6 kB)
Requirement already satisfied: mpmath<1.4,>=1.1.0 in /home/pandya.kei/.conda/envs/vla-openvla/lib/python3.10/site-packages (from sympy->torch==2.2.0->openvla==0.0.3) (1.3.0)
Collecting gitpython!=3.1.29,>=1.0.0 (from wandb->openvla==0.0.3)
  Using cached gitpython-3.1.50-py3-none-any.whl.metadata (14 kB)
Collecting platformdirs (from wandb->openvla==0.0.3)
  Using cached platformdirs-4.10.0-py3-none-any.whl.metadata (5.5 kB)
Collecting pydantic<3,>=2.6 (from wandb->openvla==0.0.3)
  Using cached pydantic-2.13.4-py3-none-any.whl.metadata (109 kB)
Collecting sentry-sdk>=2.0.0 (from wandb->openvla==0.0.3)
  Using cached sentry_sdk-2.64.0-py3-none-any.whl.metadata (10 kB)
Collecting annotated-types>=0.6.0 (from pydantic<3,>=2.6->wandb->openvla==0.0.3)
  Using cached annotated_types-0.7.0-py3-none-any.whl.metadata (15 kB)
Collecting pydantic-core==2.46.4 (from pydantic<3,>=2.6->wandb->openvla==0.0.3)
  Using cached pydantic_core-2.46.4-cp310-cp310-manylinux_2_17_x86_64.manylinux2014_x86_64.whl.metadata (6.6 kB)
Collecting typing-inspection>=0.4.2 (from pydantic<3,>=2.6->wandb->openvla==0.0.3)
  Using cached typing_inspection-0.4.2-py3-none-any.whl.metadata (2.6 kB)
Collecting gitdb<5,>=4.0.1 (from gitpython!=3.1.29,>=1.0.0->wandb->openvla==0.0.3)
  Using cached gitdb-4.0.12-py3-none-any.whl.metadata (1.2 kB)
Collecting smmap<6,>=3.0.1 (from gitdb<5,>=4.0.1->gitpython!=3.1.29,>=1.0.0->wandb->openvla==0.0.3)
  Using cached smmap-5.0.3-py3-none-any.whl.metadata (4.6 kB)
Downloading draccus-0.8.0-py3-none-any.whl (66 kB)
Downloading peft-0.11.1-py3-none-any.whl (251 kB)
Downloading sentencepiece-0.1.99-cp310-cp310-manylinux_2_17_x86_64.manylinux2014_x86_64.whl (1.3 MB)
   ━━━━━━━━━━━━━━━━━━━━━━━━━━━━━━━━━━━━━━━━ 1.3/1.3 MB 16.6 MB/s  0:00:00
Downloading tensorflow-2.15.0-cp310-cp310-manylinux_2_17_x86_64.manylinux2014_x86_64.whl (475.2 MB)
   ━━━━━━━━━━━━━━━━━━━━━━━━━━━━━━━━━━━━━━━━ 475.2/475.2 MB 154.7 MB/s  0:00:02
Downloading tensorflow_datasets-4.9.3-py3-none-any.whl (5.0 MB)
   ━━━━━━━━━━━━━━━━━━━━━━━━━━━━━━━━━━━━━━━━ 5.0/5.0 MB 92.5 MB/s  0:00:00
Downloading tensorflow_graphics-2021.12.3-py3-none-any.whl (4.3 MB)
   ━━━━━━━━━━━━━━━━━━━━━━━━━━━━━━━━━━━━━━━━ 4.3/4.3 MB 43.7 MB/s  0:00:00
Downloading timm-0.9.10-py3-none-any.whl (2.2 MB)
   ━━━━━━━━━━━━━━━━━━━━━━━━━━━━━━━━━━━━━━━━ 2.2/2.2 MB 44.5 MB/s  0:00:00
Downloading tokenizers-0.19.1-cp310-cp310-manylinux_2_17_x86_64.manylinux2014_x86_64.whl (3.6 MB)
   ━━━━━━━━━━━━━━━━━━━━━━━━━━━━━━━━━━━━━━━━ 3.6/3.6 MB 52.0 MB/s  0:00:00
Downloading torchaudio-2.2.0-cp310-cp310-manylinux1_x86_64.whl (3.3 MB)
   ━━━━━━━━━━━━━━━━━━━━━━━━━━━━━━━━━━━━━━━━ 3.3/3.3 MB 72.0 MB/s  0:00:00
Downloading transformers-4.40.1-py3-none-any.whl (9.0 MB)
   ━━━━━━━━━━━━━━━━━━━━━━━━━━━━━━━━━━━━━━━━ 9.0/9.0 MB 127.6 MB/s  0:00:00
Downloading numpy-1.26.4-cp310-cp310-manylinux_2_17_x86_64.manylinux2014_x86_64.whl (18.2 MB)
   ━━━━━━━━━━━━━━━━━━━━━━━━━━━━━━━━━━━━━━━━ 18.2/18.2 MB 149.5 MB/s  0:00:00
Downloading grpcio-1.82.1-cp310-cp310-manylinux2014_x86_64.manylinux_2_17_x86_64.whl (6.9 MB)
   ━━━━━━━━━━━━━━━━━━━━━━━━━━━━━━━━━━━━━━━━ 6.9/6.9 MB 99.6 MB/s  0:00:00
Downloading huggingface_hub-0.36.2-py3-none-any.whl (566 kB)
   ━━━━━━━━━━━━━━━━━━━━━━━━━━━━━━━━━━━━━━━━ 566.4/566.4 kB 14.6 MB/s  0:00:00
Using cached hf_xet-1.5.1-cp37-abi3-manylinux2014_x86_64.manylinux_2_17_x86_64.whl (4.5 MB)
Downloading keras-2.15.0-py3-none-any.whl (1.7 MB)
   ━━━━━━━━━━━━━━━━━━━━━━━━━━━━━━━━━━━━━━━━ 1.7/1.7 MB 36.8 MB/s  0:00:00
Using cached mergedeep-1.3.4-py3-none-any.whl (6.4 kB)
Downloading ml_dtypes-0.2.0-cp310-cp310-manylinux_2_17_x86_64.manylinux2014_x86_64.whl (1.0 MB)
   ━━━━━━━━━━━━━━━━━━━━━━━━━━━━━━━━━━━━━━━━ 1.0/1.0 MB 34.4 MB/s  0:00:00
Downloading protobuf-4.25.9-cp37-abi3-manylinux2014_x86_64.whl (295 kB)
Downloading pyyaml-6.0.3-cp310-cp310-manylinux2014_x86_64.manylinux_2_17_x86_64.manylinux_2_28_x86_64.whl (770 kB)
   ━━━━━━━━━━━━━━━━━━━━━━━━━━━━━━━━━━━━━━━━ 770.3/770.3 kB 15.0 MB/s  0:00:00
Using cached pyyaml_include-1.4.1-py3-none-any.whl (19 kB)
Downloading tensorboard-2.15.2-py3-none-any.whl (5.5 MB)
   ━━━━━━━━━━━━━━━━━━━━━━━━━━━━━━━━━━━━━━━━ 5.5/5.5 MB 95.0 MB/s  0:00:00
Downloading google_auth-2.55.2-py3-none-any.whl (256 kB)
Downloading google_auth_oauthlib-1.4.0-py3-none-any.whl (19 kB)
Using cached tensorboard_data_server-0.7.2-py3-none-manylinux_2_31_x86_64.whl (6.6 MB)
Downloading tensorflow_estimator-2.15.0-py2.py3-none-any.whl (441 kB)
Using cached toml-0.10.2-py2.py3-none-any.whl (16 kB)
Using cached typing_inspect-0.9.0-py3-none-any.whl (8.8 kB)
Downloading wrapt-1.14.2-cp310-cp310-manylinux1_x86_64.manylinux_2_28_x86_64.manylinux_2_5_x86_64.whl (76 kB)
Downloading absl_py-2.5.0-py3-none-any.whl (137 kB)
Downloading accelerate-1.14.0-py3-none-any.whl (389 kB)
Downloading astunparse-1.6.3-py2.py3-none-any.whl (12 kB)
Using cached six-1.17.0-py2.py3-none-any.whl (11 kB)
Downloading cryptography-49.0.0-cp39-abi3-manylinux_2_34_x86_64.whl (4.7 MB)
   ━━━━━━━━━━━━━━━━━━━━━━━━━━━━━━━━━━━━━━━━ 4.7/4.7 MB 92.6 MB/s  0:00:00
Downloading cffi-2.1.0-cp310-cp310-manylinux2014_x86_64.manylinux_2_17_x86_64.whl (218 kB)
Downloading etils-1.13.0-py3-none-any.whl (170 kB)
Downloading flatbuffers-25.12.19-py2.py3-none-any.whl (26 kB)
Downloading gast-0.7.0-py3-none-any.whl (22 kB)
Downloading google_pasta-0.2.0-py3-none-any.whl (57 kB)
Downloading h5py-3.16.0-cp310-cp310-manylinux_2_28_x86_64.whl (5.1 MB)
   ━━━━━━━━━━━━━━━━━━━━━━━━━━━━━━━━━━━━━━━━ 5.1/5.1 MB 87.6 MB/s  0:00:00
Downloading libclang-18.1.1-py2.py3-none-manylinux2010_x86_64.whl (24.5 MB)
   ━━━━━━━━━━━━━━━━━━━━━━━━━━━━━━━━━━━━━━━━ 24.5/24.5 MB 114.0 MB/s  0:00:00
Using cached markdown-3.10.2-py3-none-any.whl (108 kB)
Using cached matplotlib-3.10.9-cp310-cp310-manylinux2014_x86_64.manylinux_2_17_x86_64.whl (8.8 MB)
Using cached contourpy-1.3.2-cp310-cp310-manylinux_2_17_x86_64.manylinux2014_x86_64.whl (325 kB)
Using cached cycler-0.12.1-py3-none-any.whl (8.3 kB)
Using cached fonttools-4.63.0-cp310-cp310-manylinux2014_x86_64.manylinux_2_17_x86_64.whl (4.9 MB)
Using cached kiwisolver-1.5.0-cp310-cp310-manylinux_2_12_x86_64.manylinux2010_x86_64.whl (1.6 MB)
Using cached mypy_extensions-1.1.0-py3-none-any.whl (5.0 kB)
Downloading openexr-3.4.13-cp310-cp310-manylinux2014_x86_64.manylinux_2_17_x86_64.whl (1.3 MB)
   ━━━━━━━━━━━━━━━━━━━━━━━━━━━━━━━━━━━━━━━━ 1.3/1.3 MB 23.7 MB/s  0:00:00
Downloading opt_einsum-3.4.0-py3-none-any.whl (71 kB)
Using cached psutil-7.2.2-cp36-abi3-manylinux2010_x86_64.manylinux_2_12_x86_64.manylinux_2_28_x86_64.whl (155 kB)
Downloading pyasn1_modules-0.4.2-py3-none-any.whl (181 kB)
Downloading pyasn1-0.6.4-py3-none-any.whl (84 kB)
Using cached pyparsing-3.3.2-py3-none-any.whl (122 kB)
Using cached python_dateutil-2.9.0.post0-py2.py3-none-any.whl (229 kB)
Downloading regex-2026.6.28-cp310-cp310-manylinux2014_x86_64.manylinux_2_17_x86_64.manylinux_2_28_x86_64.whl (794 kB)
   ━━━━━━━━━━━━━━━━━━━━━━━━━━━━━━━━━━━━━━━━ 794.1/794.1 kB 14.4 MB/s  0:00:00
Downloading requests_oauthlib-2.0.0-py2.py3-none-any.whl (24 kB)
Downloading oauthlib-3.3.1-py3-none-any.whl (160 kB)
Using cached safetensors-0.8.0-cp310-abi3-manylinux_2_17_x86_64.manylinux2014_x86_64.whl (516 kB)
Using cached scipy-1.15.3-cp310-cp310-manylinux_2_17_x86_64.manylinux2014_x86_64.whl (37.7 MB)
Downloading tensorflow_addons-0.23.0-cp310-cp310-manylinux_2_17_x86_64.manylinux2014_x86_64.whl (611 kB)
   ━━━━━━━━━━━━━━━━━━━━━━━━━━━━━━━━━━━━━━━━ 611.8/611.8 kB 11.0 MB/s  0:00:00
Downloading typeguard-2.13.3-py3-none-any.whl (17 kB)
Downloading tensorflow_io_gcs_filesystem-0.37.1-cp310-cp310-manylinux_2_17_x86_64.manylinux2014_x86_64.whl (5.1 MB)
   ━━━━━━━━━━━━━━━━━━━━━━━━━━━━━━━━━━━━━━━━ 5.1/5.1 MB 73.2 MB/s  0:00:00
Using cached termcolor-3.3.0-py3-none-any.whl (7.7 kB)
Using cached tqdm-4.68.4-py3-none-any.whl (676 kB)
Downloading trimesh-4.12.2-py3-none-any.whl (741 kB)
   ━━━━━━━━━━━━━━━━━━━━━━━━━━━━━━━━━━━━━━━━ 741.0/741.0 kB 22.2 MB/s  0:00:00
Using cached werkzeug-3.1.8-py3-none-any.whl (226 kB)
Downloading array_record-0.8.1-cp310-cp310-manylinux2014_x86_64.manylinux_2_17_x86_64.whl (2.5 MB)
   ━━━━━━━━━━━━━━━━━━━━━━━━━━━━━━━━━━━━━━━━ 2.5/2.5 MB 73.9 MB/s  0:00:00
Using cached click-8.4.2-py3-none-any.whl (119 kB)
Downloading dm_tree-0.1.10-cp310-cp310-manylinux_2_24_x86_64.manylinux_2_28_x86_64.whl (183 kB)
Using cached attrs-26.1.0-py3-none-any.whl (67 kB)
Downloading einops-0.8.2-py3-none-any.whl (65 kB)
Downloading importlib_resources-7.1.0-py3-none-any.whl (37 kB)
Downloading json_numpy-2.1.1-py3-none-any.whl (5.5 kB)
Using cached jsonlines-4.0.0-py3-none-any.whl (8.7 kB)
Downloading pycparser-3.0-py3-none-any.whl (48 kB)
Using cached rich-15.0.0-py3-none-any.whl (310 kB)
Using cached pygments-2.20.0-py3-none-any.whl (1.2 MB)
Using cached markdown_it_py-4.2.0-py3-none-any.whl (91 kB)
Using cached mdurl-0.1.2-py3-none-any.whl (10.0 kB)
Downloading tensorflow_metadata-1.21.0-py3-none-any.whl (30 kB)
Using cached wandb-0.28.0-py3-none-manylinux_2_28_x86_64.whl (26.8 MB)
Using cached pydantic-2.13.4-py3-none-any.whl (472 kB)
Using cached pydantic_core-2.46.4-cp310-cp310-manylinux_2_17_x86_64.manylinux2014_x86_64.whl (2.1 MB)
Using cached annotated_types-0.7.0-py3-none-any.whl (13 kB)
Using cached gitpython-3.1.50-py3-none-any.whl (212 kB)
Using cached gitdb-4.0.12-py3-none-any.whl (62 kB)
Using cached smmap-5.0.3-py3-none-any.whl (24 kB)
Using cached sentry_sdk-2.64.0-py3-none-any.whl (498 kB)
Using cached typing_inspection-0.4.2-py3-none-any.whl (14 kB)
Using cached platformdirs-4.10.0-py3-none-any.whl (22 kB)
Using cached zipp-4.1.0-py3-none-any.whl (10 kB)
Building wheels for collected packages: openvla, dlimp, promise
  Building editable for openvla (pyproject.toml): started
  Building editable for openvla (pyproject.toml): finished with status 'done'
  Created wheel for openvla: filename=openvla-0.0.3-0.editable-py3-none-any.whl size=17776 sha256=5c53b2b622dcc3540249eadddf41dc80e5d3dda11b6acd772179dedb94461aa9
  Stored in directory: /tmp/pip-ephem-wheel-cache-t9zeg8_2/wheels/b3/e8/ba/a5ead4b5bec3ffc82f4604a9d5fdf4a7f0e8ce699505599a8f
  Building wheel for dlimp (pyproject.toml): started
  Building wheel for dlimp (pyproject.toml): finished with status 'done'
  Created wheel for dlimp: filename=dlimp-0.0.1-py3-none-any.whl size=13526 sha256=c0714729bed8b9139058e33547901a9fdf3572cdd2a5ecc2abce14fed4184834
  Stored in directory: /tmp/pip-ephem-wheel-cache-t9zeg8_2/wheels/50/74/75/6b593b968c85c58e4b79e09f749df8d461cb7b6011b73b257d
  Building wheel for promise (pyproject.toml): started
  Building wheel for promise (pyproject.toml): finished with status 'done'
  Created wheel for promise: filename=promise-2.3-py3-none-any.whl size=21580 sha256=cf7436d623b43d172c0ab959f2047edc8b5cfb5298c226c5b42e6780bdfca1e1
  Stored in directory: /scratch/pandya.kei/.pip_cache/wheels/54/4e/28/3ed0e1c8a752867445bab994d2340724928aa3ab059c57c8db
Successfully built openvla dlimp promise
Installing collected packages: sentencepiece, libclang, flatbuffers, zipp, wrapt, werkzeug, typing-inspection, typeguard, tqdm, toml, termcolor, tensorflow-io-gcs-filesystem, tensorflow-estimator, tensorboard-data-server, smmap, six, sentry-sdk, safetensors, regex, pyyaml, pyparsing, pygments, pydantic-core, pycparser, pyasn1, psutil, protobuf, platformdirs, opt-einsum, oauthlib, numpy, mypy-extensions, mergedeep, mdurl, markdown, kiwisolver, keras, importlib_resources, hf-xet, grpcio, gast, fonttools, etils, einops, cycler, click, attrs, annotated-types, absl-py, typing-inspect, trimesh, tensorflow-metadata, tensorflow-addons, scipy, requests-oauthlib, pyyaml-include, python-dateutil, pydantic, pyasn1-modules, promise, OpenEXR, ml-dtypes, markdown-it-py, jsonlines, json-numpy, huggingface_hub, h5py, google-pasta, gitdb, dm-tree, contourpy, cffi, astunparse, tokenizers, rich, matplotlib, gitpython, draccus, cryptography, wandb, transformers, torchaudio, google-auth, array-record, accelerate, timm, peft, google-auth-oauthlib, tensorflow_datasets, tensorboard, tensorflow, tensorflow_graphics, dlimp, openvla
  Attempting uninstall: numpy
    Found existing installation: numpy 2.2.6
    Uninstalling numpy-2.2.6:
      Successfully uninstalled numpy-2.2.6

Successfully installed OpenEXR-3.4.13 absl-py-2.5.0 accelerate-1.14.0 annotated-types-0.7.0 array-record-0.8.1 astunparse-1.6.3 attrs-26.1.0 cffi-2.1.0 click-8.4.2 contourpy-1.3.2 cryptography-49.0.0 cycler-0.12.1 dlimp-0.0.1 dm-tree-0.1.10 draccus-0.8.0 einops-0.8.2 etils-1.13.0 flatbuffers-25.12.19 fonttools-4.63.0 gast-0.7.0 gitdb-4.0.12 gitpython-3.1.50 google-auth-2.55.2 google-auth-oauthlib-1.4.0 google-pasta-0.2.0 grpcio-1.82.1 h5py-3.16.0 hf-xet-1.5.1 huggingface_hub-0.36.2 importlib_resources-7.1.0 json-numpy-2.1.1 jsonlines-4.0.0 keras-2.15.0 kiwisolver-1.5.0 libclang-18.1.1 markdown-3.10.2 markdown-it-py-4.2.0 matplotlib-3.10.9 mdurl-0.1.2 mergedeep-1.3.4 ml-dtypes-0.2.0 mypy-extensions-1.1.0 numpy-1.26.4 oauthlib-3.3.1 openvla-0.0.3 opt-einsum-3.4.0 peft-0.11.1 platformdirs-4.10.0 promise-2.3 protobuf-4.25.9 psutil-7.2.2 pyasn1-0.6.4 pyasn1-modules-0.4.2 pycparser-3.0 pydantic-2.13.4 pydantic-core-2.46.4 pygments-2.20.0 pyparsing-3.3.2 python-dateutil-2.9.0.post0 pyyaml-6.0.3 pyyaml-include-1.4.1 regex-2026.6.28 requests-oauthlib-2.0.0 rich-15.0.0 safetensors-0.8.0 scipy-1.15.3 sentencepiece-0.1.99 sentry-sdk-2.64.0 six-1.17.0 smmap-5.0.3 tensorboard-2.15.2 tensorboard-data-server-0.7.2 tensorflow-2.15.0 tensorflow-addons-0.23.0 tensorflow-estimator-2.15.0 tensorflow-io-gcs-filesystem-0.37.1 tensorflow-metadata-1.21.0 tensorflow_datasets-4.9.3 tensorflow_graphics-2021.12.3 termcolor-3.3.0 timm-0.9.10 tokenizers-0.19.1 toml-0.10.2 torchaudio-2.2.0 tqdm-4.68.4 transformers-4.40.1 trimesh-4.12.2 typeguard-2.13.3 typing-inspect-0.9.0 typing-inspection-0.4.2 wandb-0.28.0 werkzeug-3.1.8 wrapt-1.14.2 zipp-4.1.0
