[launch] RUN task 0 (elapsed 0s)
Warning: You are sending unauthenticated requests to the HF Hub. Please set a HF_TOKEN to enable higher rate limits and faster downloads.
WARNING:huggingface_hub.utils._http:Warning: You are sending unauthenticated requests to the HF Hub. Please set a HF_TOKEN to enable higher rate limits and faster downloads.
`torch_dtype` is deprecated! Use `dtype` instead!
Loading  HuggingFaceTB/SmolVLM2-500M-Instruct weights ...
Loading weights:   0%|          | 0/489 [00:00<?, ?it/s]Loading weights: 100%|██████████| 489/489 [00:00<00:00, 5324.68it/s]
[eval_task 0] policy ready
[robosuite WARNING] No private macro file found! (__init__.py:7)
WARNING:robosuite_logs:No private macro file found!
[robosuite WARNING] It is recommended to use a private macro file (__init__.py:8)
WARNING:robosuite_logs:It is recommended to use a private macro file
[robosuite WARNING] To setup, run: python /home/pandya.kei/.conda/envs/vla-smolvla/lib/python3.12/site-packages/robosuite/scripts/setup_macros.py (__init__.py:9)
WARNING:robosuite_logs:To setup, run: python /home/pandya.kei/.conda/envs/vla-smolvla/lib/python3.12/site-packages/robosuite/scripts/setup_macros.py
Creating LIBERO envs | suites=['libero_goal'] | n_envs(per task)=1 | init_states=True
Restricting to task_ids=[0]
[info] using task orders [0, 1, 2, 3, 4, 5, 6, 7, 8, 9]
Built vec env | suite=libero_goal | task_id=0 | n_envs=1
[eval_task 0] env ready
Local assets not found. Downloading from HuggingFace Hub...
Assets already downloaded at /home/pandya.kei/.cache/libero/assets
[eval_task 0 original ep0] success=False steps=300
[eval_task 0 original ep1] success=True steps=122
[eval_task 0 blank ep0] success=False steps=300
[eval_task 0 blank ep1] success=False steps=300
[eval_task 0 nonsense ep0] success=False steps=300
[eval_task 0 nonsense ep1] success=False steps=300
[eval_task 0] DONE
[launch] task 0 rc=0 (elapsed 611s)
[launch] RUN task 1 (elapsed 611s)
Warning: You are sending unauthenticated requests to the HF Hub. Please set a HF_TOKEN to enable higher rate limits and faster downloads.
WARNING:huggingface_hub.utils._http:Warning: You are sending unauthenticated requests to the HF Hub. Please set a HF_TOKEN to enable higher rate limits and faster downloads.
`torch_dtype` is deprecated! Use `dtype` instead!
Loading  HuggingFaceTB/SmolVLM2-500M-Instruct weights ...
Loading weights:   0%|          | 0/489 [00:00<?, ?it/s]Loading weights:  72%|███████▏  | 351/489 [00:00<00:00, 3507.06it/s]Loading weights: 100%|██████████| 489/489 [00:00<00:00, 4162.28it/s]
[eval_task 1] policy ready
[robosuite WARNING] No private macro file found! (__init__.py:7)
WARNING:robosuite_logs:No private macro file found!
[robosuite WARNING] It is recommended to use a private macro file (__init__.py:8)
WARNING:robosuite_logs:It is recommended to use a private macro file
[robosuite WARNING] To setup, run: python /home/pandya.kei/.conda/envs/vla-smolvla/lib/python3.12/site-packages/robosuite/scripts/setup_macros.py (__init__.py:9)
WARNING:robosuite_logs:To setup, run: python /home/pandya.kei/.conda/envs/vla-smolvla/lib/python3.12/site-packages/robosuite/scripts/setup_macros.py
Creating LIBERO envs | suites=['libero_goal'] | n_envs(per task)=1 | init_states=True
Restricting to task_ids=[1]
[info] using task orders [0, 1, 2, 3, 4, 5, 6, 7, 8, 9]
Built vec env | suite=libero_goal | task_id=1 | n_envs=1
[eval_task 1] env ready
Local assets not found. Downloading from HuggingFace Hub...
Assets already downloaded at /home/pandya.kei/.cache/libero/assets
[eval_task 1 original ep0] success=True steps=85
[eval_task 1 original ep1] success=True steps=84
[eval_task 1 blank ep0] success=False steps=300
[eval_task 1 blank ep1] success=False steps=300
[eval_task 1 nonsense ep0] success=False steps=300
[eval_task 1 nonsense ep1] success=False steps=300
[eval_task 1] DONE
[launch] task 1 rc=0 (elapsed 1110s)
[launch] RUN task 2 (elapsed 1110s)
Warning: You are sending unauthenticated requests to the HF Hub. Please set a HF_TOKEN to enable higher rate limits and faster downloads.
WARNING:huggingface_hub.utils._http:Warning: You are sending unauthenticated requests to the HF Hub. Please set a HF_TOKEN to enable higher rate limits and faster downloads.
`torch_dtype` is deprecated! Use `dtype` instead!
Loading  HuggingFaceTB/SmolVLM2-500M-Instruct weights ...
Loading weights:   0%|          | 0/489 [00:00<?, ?it/s]Loading weights:  96%|█████████▌| 470/489 [00:00<00:00, 4699.37it/s]Loading weights: 100%|██████████| 489/489 [00:00<00:00, 4748.91it/s]
[eval_task 2] policy ready
[robosuite WARNING] No private macro file found! (__init__.py:7)
WARNING:robosuite_logs:No private macro file found!
[robosuite WARNING] It is recommended to use a private macro file (__init__.py:8)
WARNING:robosuite_logs:It is recommended to use a private macro file
[robosuite WARNING] To setup, run: python /home/pandya.kei/.conda/envs/vla-smolvla/lib/python3.12/site-packages/robosuite/scripts/setup_macros.py (__init__.py:9)
WARNING:robosuite_logs:To setup, run: python /home/pandya.kei/.conda/envs/vla-smolvla/lib/python3.12/site-packages/robosuite/scripts/setup_macros.py
Creating LIBERO envs | suites=['libero_goal'] | n_envs(per task)=1 | init_states=True
Restricting to task_ids=[2]
[info] using task orders [0, 1, 2, 3, 4, 5, 6, 7, 8, 9]
Built vec env | suite=libero_goal | task_id=2 | n_envs=1
[eval_task 2] env ready
Local assets not found. Downloading from HuggingFace Hub...
Assets already downloaded at /home/pandya.kei/.cache/libero/assets
[eval_task 2 original ep0] success=True steps=94
[eval_task 2 original ep1] success=True steps=117
[eval_task 2 blank ep0] success=False steps=300
[eval_task 2 blank ep1] success=False steps=300
[eval_task 2 nonsense ep0] success=False steps=300
[eval_task 2 nonsense ep1] success=False steps=300
[eval_task 2] DONE
[launch] task 2 rc=0 (elapsed 1604s)
[launch] RUN task 3 (elapsed 1604s)
Warning: You are sending unauthenticated requests to the HF Hub. Please set a HF_TOKEN to enable higher rate limits and faster downloads.
WARNING:huggingface_hub.utils._http:Warning: You are sending unauthenticated requests to the HF Hub. Please set a HF_TOKEN to enable higher rate limits and faster downloads.
`torch_dtype` is deprecated! Use `dtype` instead!
Loading  HuggingFaceTB/SmolVLM2-500M-Instruct weights ...
Loading weights:   0%|          | 0/489 [00:00<?, ?it/s]Loading weights: 100%|██████████| 489/489 [00:00<00:00, 5265.88it/s]
[eval_task 3] policy ready
[robosuite WARNING] No private macro file found! (__init__.py:7)
WARNING:robosuite_logs:No private macro file found!
[robosuite WARNING] It is recommended to use a private macro file (__init__.py:8)
WARNING:robosuite_logs:It is recommended to use a private macro file
[robosuite WARNING] To setup, run: python /home/pandya.kei/.conda/envs/vla-smolvla/lib/python3.12/site-packages/robosuite/scripts/setup_macros.py (__init__.py:9)
WARNING:robosuite_logs:To setup, run: python /home/pandya.kei/.conda/envs/vla-smolvla/lib/python3.12/site-packages/robosuite/scripts/setup_macros.py
Creating LIBERO envs | suites=['libero_goal'] | n_envs(per task)=1 | init_states=True
Restricting to task_ids=[3]
[info] using task orders [0, 1, 2, 3, 4, 5, 6, 7, 8, 9]
Built vec env | suite=libero_goal | task_id=3 | n_envs=1
[eval_task 3] env ready
Local assets not found. Downloading from HuggingFace Hub...
Assets already downloaded at /home/pandya.kei/.cache/libero/assets
[eval_task 3 original ep0] success=False steps=300
[eval_task 3 original ep1] success=False steps=300
[eval_task 3 blank ep0] success=False steps=300
[eval_task 3 blank ep1] success=False steps=300
[eval_task 3 nonsense ep0] success=False steps=300
[eval_task 3 nonsense ep1] success=False steps=300
[eval_task 3] DONE
[launch] task 3 rc=0 (elapsed 2233s)
[launch] RUN task 4 (elapsed 2233s)
Warning: You are sending unauthenticated requests to the HF Hub. Please set a HF_TOKEN to enable higher rate limits and faster downloads.
WARNING:huggingface_hub.utils._http:Warning: You are sending unauthenticated requests to the HF Hub. Please set a HF_TOKEN to enable higher rate limits and faster downloads.
`torch_dtype` is deprecated! Use `dtype` instead!
Loading  HuggingFaceTB/SmolVLM2-500M-Instruct weights ...
Loading weights:   0%|          | 0/489 [00:00<?, ?it/s]Loading weights: 100%|██████████| 489/489 [00:00<00:00, 4989.57it/s]
[eval_task 4] policy ready
[robosuite WARNING] No private macro file found! (__init__.py:7)
WARNING:robosuite_logs:No private macro file found!
[robosuite WARNING] It is recommended to use a private macro file (__init__.py:8)
WARNING:robosuite_logs:It is recommended to use a private macro file
[robosuite WARNING] To setup, run: python /home/pandya.kei/.conda/envs/vla-smolvla/lib/python3.12/site-packages/robosuite/scripts/setup_macros.py (__init__.py:9)
WARNING:robosuite_logs:To setup, run: python /home/pandya.kei/.conda/envs/vla-smolvla/lib/python3.12/site-packages/robosuite/scripts/setup_macros.py
Creating LIBERO envs | suites=['libero_goal'] | n_envs(per task)=1 | init_states=True
Restricting to task_ids=[4]
[info] using task orders [0, 1, 2, 3, 4, 5, 6, 7, 8, 9]
Built vec env | suite=libero_goal | task_id=4 | n_envs=1
[eval_task 4] env ready
Local assets not found. Downloading from HuggingFace Hub...
Assets already downloaded at /home/pandya.kei/.cache/libero/assets
[eval_task 4 original ep0] success=True steps=102
[eval_task 4 original ep1] success=True steps=99
[eval_task 4 blank ep0] success=False steps=300
[eval_task 4 blank ep1] success=False steps=300
[eval_task 4 nonsense ep0] success=False steps=300
[eval_task 4 nonsense ep1] success=False steps=300
[eval_task 4] DONE
[launch] task 4 rc=0 (elapsed 2751s)
[launch] RUN task 5 (elapsed 2751s)
Warning: You are sending unauthenticated requests to the HF Hub. Please set a HF_TOKEN to enable higher rate limits and faster downloads.
WARNING:huggingface_hub.utils._http:Warning: You are sending unauthenticated requests to the HF Hub. Please set a HF_TOKEN to enable higher rate limits and faster downloads.
`torch_dtype` is deprecated! Use `dtype` instead!
Loading  HuggingFaceTB/SmolVLM2-500M-Instruct weights ...
Loading weights:   0%|          | 0/489 [00:00<?, ?it/s]Loading weights:  91%|█████████ | 445/489 [00:00<00:00, 4405.15it/s]Loading weights: 100%|██████████| 489/489 [00:00<00:00, 4598.99it/s]
[eval_task 5] policy ready
[robosuite WARNING] No private macro file found! (__init__.py:7)
WARNING:robosuite_logs:No private macro file found!
[robosuite WARNING] It is recommended to use a private macro file (__init__.py:8)
WARNING:robosuite_logs:It is recommended to use a private macro file
[robosuite WARNING] To setup, run: python /home/pandya.kei/.conda/envs/vla-smolvla/lib/python3.12/site-packages/robosuite/scripts/setup_macros.py (__init__.py:9)
WARNING:robosuite_logs:To setup, run: python /home/pandya.kei/.conda/envs/vla-smolvla/lib/python3.12/site-packages/robosuite/scripts/setup_macros.py
Creating LIBERO envs | suites=['libero_goal'] | n_envs(per task)=1 | init_states=True
Restricting to task_ids=[5]
[info] using task orders [0, 1, 2, 3, 4, 5, 6, 7, 8, 9]
Built vec env | suite=libero_goal | task_id=5 | n_envs=1
[eval_task 5] env ready
Local assets not found. Downloading from HuggingFace Hub...
Assets already downloaded at /home/pandya.kei/.cache/libero/assets
[eval_task 5 original ep0] success=True steps=137
[eval_task 5 original ep1] success=True steps=146
[eval_task 5 blank ep0] success=False steps=300
[eval_task 5 blank ep1] success=False steps=300
[eval_task 5 nonsense ep0] success=False steps=300
[eval_task 5 nonsense ep1] success=False steps=300
[eval_task 5] DONE
[launch] task 5 rc=0 (elapsed 3283s)
[launch] RUN task 6 (elapsed 3283s)
Warning: You are sending unauthenticated requests to the HF Hub. Please set a HF_TOKEN to enable higher rate limits and faster downloads.
WARNING:huggingface_hub.utils._http:Warning: You are sending unauthenticated requests to the HF Hub. Please set a HF_TOKEN to enable higher rate limits and faster downloads.
`torch_dtype` is deprecated! Use `dtype` instead!
Loading  HuggingFaceTB/SmolVLM2-500M-Instruct weights ...
Loading weights:   0%|          | 0/489 [00:00<?, ?it/s]Loading weights: 100%|██████████| 489/489 [00:00<00:00, 5819.67it/s]
