Channels:
 - conda-forge
 - defaults
Platform: linux-64
Collecting package metadata (repodata.json): ...working... done
Solving environment: ...working... done

## Package Plan ##

  environment location: /home/pandya.kei/.conda/envs/vla-smolvla

  added / updated specs:
    - mesalib


The following packages will be downloaded:

    package                    |            build
    ---------------------------|-----------------
    ca-certificates-2026.6.17  |       hbd8a1cb_0         126 KB  conda-forge
    libdrm-2.4.127             |       hb03c661_0         304 KB  conda-forge
    libllvm22-22.1.8           |       hf7376ad_1        42.3 MB  conda-forge
    libpciaccess-0.19          |       hb03c661_0          28 KB  conda-forge
    libxml2-16-2.14.6          |       hca6bf5a_3         555 KB  conda-forge
    mesalib-26.0.3             |       h8cca3c9_0         2.8 MB  conda-forge
    openssl-3.6.3              |       h35e630c_0         3.0 MB  conda-forge
    spirv-tools-2026.2         |       hb700be7_0         2.3 MB  conda-forge
    xorg-libx11-1.8.13         |       he1eb515_0         820 KB  conda-forge
    ------------------------------------------------------------
                                           Total:        52.2 MB

The following NEW packages will be INSTALLED:

  libdrm             conda-forge/linux-64::libdrm-2.4.127-hb03c661_0 
  libllvm22          conda-forge/linux-64::libllvm22-22.1.8-hf7376ad_1 
  liblzma            conda-forge/linux-64::liblzma-5.8.2-hb03c661_0 
  libpciaccess       conda-forge/linux-64::libpciaccess-0.19-hb03c661_0 
  libxml2-16         conda-forge/linux-64::libxml2-16-2.14.6-hca6bf5a_3 
  mesalib            conda-forge/linux-64::mesalib-26.0.3-h8cca3c9_0 
  spirv-tools        conda-forge/linux-64::spirv-tools-2026.2-hb700be7_0 
  xorg-libxext       conda-forge/linux-64::xorg-libxext-1.3.7-hb03c661_0 
  xorg-libxrandr     conda-forge/linux-64::xorg-libxrandr-1.5.5-hb03c661_0 
  xorg-libxrender    conda-forge/linux-64::xorg-libxrender-0.9.12-hb9d3cd8_0 
  xorg-libxshmfence  conda-forge/linux-64::xorg-libxshmfence-1.3.3-hb9d3cd8_0 

The following packages will be UPDATED:

  ca-certificates    pkgs/main/linux-64::ca-certificates-2~ --> conda-forge/noarch::ca-certificates-2026.6.17-hbd8a1cb_0 
  openssl               pkgs/main::openssl-3.5.7-h1b28b03_0 --> conda-forge::openssl-3.6.3-h35e630c_0 
  xorg-libx11        pkgs/main::xorg-libx11-1.8.12-h9b100f~ --> conda-forge::xorg-libx11-1.8.13-he1eb515_0 



Downloading and Extracting Packages: ...working... done
Preparing transaction: ...working... done
Verifying transaction: ...working... done
Executing transaction: ...working... done
