Requirement already satisfied: packaging in /home/pandya.kei/.conda/envs/vla-openvla/lib/python3.10/site-packages (26.0)
Collecting ninja
  Downloading ninja-1.13.0-py3-none-manylinux2014_x86_64.manylinux_2_17_x86_64.whl.metadata (5.1 kB)
Downloading ninja-1.13.0-py3-none-manylinux2014_x86_64.manylinux_2_17_x86_64.whl (180 kB)
Installing collected packages: ninja
Successfully installed ninja-1.13.0
Collecting flash-attn==2.5.5
  Downloading flash_attn-2.5.5.tar.gz (2.5 MB)
     ━━━━━━━━━━━━━━━━━━━━━━━━━━━━━━━━━━━━━━━━ 2.5/2.5 MB 36.9 MB/s  0:00:00
  Preparing metadata (pyproject.toml): started
  Preparing metadata (pyproject.toml): finished with status 'done'
Requirement already satisfied: torch in /home/pandya.kei/.conda/envs/vla-openvla/lib/python3.10/site-packages (from flash-attn==2.5.5) (2.2.0+cu121)
Requirement already satisfied: einops in /home/pandya.kei/.conda/envs/vla-openvla/lib/python3.10/site-packages (from flash-attn==2.5.5) (0.8.2)
Requirement already satisfied: packaging in /home/pandya.kei/.conda/envs/vla-openvla/lib/python3.10/site-packages (from flash-attn==2.5.5) (26.0)
Requirement already satisfied: ninja in /home/pandya.kei/.conda/envs/vla-openvla/lib/python3.10/site-packages (from flash-attn==2.5.5) (1.13.0)
Requirement already satisfied: filelock in /home/pandya.kei/.conda/envs/vla-openvla/lib/python3.10/site-packages (from torch->flash-attn==2.5.5) (3.29.0)
Requirement already satisfied: typing-extensions>=4.8.0 in /home/pandya.kei/.conda/envs/vla-openvla/lib/python3.10/site-packages (from torch->flash-attn==2.5.5) (4.15.0)
Requirement already satisfied: sympy in /home/pandya.kei/.conda/envs/vla-openvla/lib/python3.10/site-packages (from torch->flash-attn==2.5.5) (1.14.0)
Requirement already satisfied: networkx in /home/pandya.kei/.conda/envs/vla-openvla/lib/python3.10/site-packages (from torch->flash-attn==2.5.5) (3.4.2)
Requirement already satisfied: jinja2 in /home/pandya.kei/.conda/envs/vla-openvla/lib/python3.10/site-packages (from torch->flash-attn==2.5.5) (3.1.6)
Requirement already satisfied: fsspec in /home/pandya.kei/.conda/envs/vla-openvla/lib/python3.10/site-packages (from torch->flash-attn==2.5.5) (2026.4.0)
Requirement already satisfied: nvidia-cuda-nvrtc-cu12==12.1.105 in /home/pandya.kei/.conda/envs/vla-openvla/lib/python3.10/site-packages (from torch->flash-attn==2.5.5) (12.1.105)
Requirement already satisfied: nvidia-cuda-runtime-cu12==12.1.105 in /home/pandya.kei/.conda/envs/vla-openvla/lib/python3.10/site-packages (from torch->flash-attn==2.5.5) (12.1.105)
Requirement already satisfied: nvidia-cuda-cupti-cu12==12.1.105 in /home/pandya.kei/.conda/envs/vla-openvla/lib/python3.10/site-packages (from torch->flash-attn==2.5.5) (12.1.105)
Requirement already satisfied: nvidia-cudnn-cu12==8.9.2.26 in /home/pandya.kei/.conda/envs/vla-openvla/lib/python3.10/site-packages (from torch->flash-attn==2.5.5) (8.9.2.26)
Requirement already satisfied: nvidia-cublas-cu12==12.1.3.1 in /home/pandya.kei/.conda/envs/vla-openvla/lib/python3.10/site-packages (from torch->flash-attn==2.5.5) (12.1.3.1)
Requirement already satisfied: nvidia-cufft-cu12==11.0.2.54 in /home/pandya.kei/.conda/envs/vla-openvla/lib/python3.10/site-packages (from torch->flash-attn==2.5.5) (11.0.2.54)
Requirement already satisfied: nvidia-curand-cu12==10.3.2.106 in /home/pandya.kei/.conda/envs/vla-openvla/lib/python3.10/site-packages (from torch->flash-attn==2.5.5) (10.3.2.106)
Requirement already satisfied: nvidia-cusolver-cu12==11.4.5.107 in /home/pandya.kei/.conda/envs/vla-openvla/lib/python3.10/site-packages (from torch->flash-attn==2.5.5) (11.4.5.107)
Requirement already satisfied: nvidia-cusparse-cu12==12.1.0.106 in /home/pandya.kei/.conda/envs/vla-openvla/lib/python3.10/site-packages (from torch->flash-attn==2.5.5) (12.1.0.106)
Requirement already satisfied: nvidia-nccl-cu12==2.19.3 in /home/pandya.kei/.conda/envs/vla-openvla/lib/python3.10/site-packages (from torch->flash-attn==2.5.5) (2.19.3)
Requirement already satisfied: nvidia-nvtx-cu12==12.1.105 in /home/pandya.kei/.conda/envs/vla-openvla/lib/python3.10/site-packages (from torch->flash-attn==2.5.5) (12.1.105)
Requirement already satisfied: triton==2.2.0 in /home/pandya.kei/.conda/envs/vla-openvla/lib/python3.10/site-packages (from torch->flash-attn==2.5.5) (2.2.0)
Requirement already satisfied: nvidia-nvjitlink-cu12 in /home/pandya.kei/.conda/envs/vla-openvla/lib/python3.10/site-packages (from nvidia-cusolver-cu12==11.4.5.107->torch->flash-attn==2.5.5) (12.9.86)
Requirement already satisfied: MarkupSafe>=2.0 in /home/pandya.kei/.conda/envs/vla-openvla/lib/python3.10/site-packages (from jinja2->torch->flash-attn==2.5.5) (3.0.3)
Requirement already satisfied: mpmath<1.4,>=1.1.0 in /home/pandya.kei/.conda/envs/vla-openvla/lib/python3.10/site-packages (from sympy->torch->flash-attn==2.5.5) (1.3.0)
Building wheels for collected packages: flash-attn
  Building wheel for flash-attn (pyproject.toml): started
  Building wheel for flash-attn (pyproject.toml): finished with status 'error'
  error: subprocess-exited-with-error
  
  × Building wheel for flash-attn (pyproject.toml) did not run successfully.
  │ exit code: 1
  ╰─> [26 lines of output]
      /home/pandya.kei/.conda/envs/vla-openvla/lib/python3.10/site-packages/wheel/bdist_wheel.py:4: FutureWarning: The 'wheel' package is no longer the canonical location of the 'bdist_wheel' command, and will be removed in a future release. Please update to setuptools v70.1 or later which contains an integrated version of this command.
        warn(
      fatal: not a git repository (or any parent up to mount point /)
      Stopping at filesystem boundary (GIT_DISCOVERY_ACROSS_FILESYSTEM not set).
      /home/pandya.kei/.conda/envs/vla-openvla/lib/python3.10/site-packages/setuptools/dist.py:765: SetuptoolsDeprecationWarning: License classifiers are deprecated.
      !!
      
              ********************************************************************************
              Please consider removing the following classifiers in favor of a SPDX license expression:
      
              License :: OSI Approved :: BSD License
      
              See https://packaging.python.org/en/latest/guides/writing-pyproject-toml/#license for details.
              ********************************************************************************
      
      !!
        self._finalize_license_expression()
      
      
      torch.__version__  = 2.2.0+cu121
      
      
      running bdist_wheel
      Guessing wheel URL:  https://github.com/Dao-AILab/flash-attention/releases/download/v2.5.5/flash_attn-2.5.5+cu122torch2.2cxx11abiFALSE-cp310-cp310-linux_x86_64.whl
      Raw wheel path /scratch/pandya.kei/.pip_cache/wheels/b2/67/52/8b6d5fcffdd9e1ec868f554cdef8f03eedb4bf4dcac852fca2/tmpjxwafww9/.tmp-2pp51uoc/flash_attn-2.5.5-cp310-cp310-linux_x86_64.whl
      error: [Errno 18] Invalid cross-device link: 'flash_attn-2.5.5+cu122torch2.2cxx11abiFALSE-cp310-cp310-linux_x86_64.whl' -> '/scratch/pandya.kei/.pip_cache/wheels/b2/67/52/8b6d5fcffdd9e1ec868f554cdef8f03eedb4bf4dcac852fca2/tmpjxwafww9/.tmp-2pp51uoc/flash_attn-2.5.5-cp310-cp310-linux_x86_64.whl'
      [end of output]
  
  note: This error originates from a subprocess, and is likely not a problem with pip.
  ERROR: Failed building wheel for flash-attn
Failed to build flash-attn
error: failed-wheel-build-for-install

× Failed to build installable wheels for some pyproject.toml based projects
╰─> flash-attn
flash-attn exit: 1
